[INFO] Scanning for projects...
[INFO] 
[INFO] --------------------< com.localci:local-ci-runner >---------------------
[INFO] Building Local CI Runner 1.0
[INFO]   from pom.xml
[INFO] --------------------------------[ jar ]---------------------------------
[INFO] 
[INFO] --- resources:3.3.1:resources (default-resources) @ local-ci-runner ---
[INFO] skip non existing resourceDirectory D:\CICD\local-ci-runner\src\main\resources
[INFO] 
[INFO] --- compiler:3.13.0:compile (default-compile) @ local-ci-runner ---
[INFO] Nothing to compile - all classes are up to date.
[INFO] 
[INFO] --- resources:3.3.1:testResources (default-testResources) @ local-ci-runner ---
[INFO] skip non existing resourceDirectory D:\CICD\local-ci-runner\src\test\resources
[INFO] 
[INFO] --- compiler:3.13.0:testCompile (default-testCompile) @ local-ci-runner ---
[INFO] Nothing to compile - all classes are up to date.
[INFO] 
[INFO] --- surefire:3.2.5:test (default-test) @ local-ci-runner ---
[INFO] Using auto detected provider org.apache.maven.surefire.junitplatform.JUnitPlatformProvider
[INFO] 
[INFO] -------------------------------------------------------
[INFO]  T E S T S
[INFO] -------------------------------------------------------
[INFO] Running com.localci.executor.MatrixExpanderTest
[INFO] Tests run: 7, Failures: 0, Errors: 0, Skipped: 0, Time elapsed: 0.049 s -- in com.localci.executor.MatrixExpanderTest
[INFO] Running com.localci.parser.PipelineMergerTest
[INFO] Tests run: 9, Failures: 0, Errors: 0, Skipped: 0, Time elapsed: 0.026 s -- in com.localci.parser.PipelineMergerTest
[INFO] Running com.localci.parser.PipelineParserTest
[INFO] Tests run: 12, Failures: 0, Errors: 0, Skipped: 0, Time elapsed: 0.163 s -- in com.localci.parser.PipelineParserTest
[INFO] Running com.localci.parser.RemotePipelineFetcherTest
[INFO] Tests run: 5, Failures: 0, Errors: 0, Skipped: 0, Time elapsed: 0.261 s -- in com.localci.parser.RemotePipelineFetcherTest
[INFO] Running com.localci.report.ReportGeneratorTest
[INFO] Tests run: 4, Failures: 0, Errors: 0, Skipped: 0, Time elapsed: 0.082 s -- in com.localci.report.ReportGeneratorTest
[INFO] Running com.localci.trigger.TriggerTest
[INFO] Tests run: 6, Failures: 0, Errors: 0, Skipped: 0, Time elapsed: 0.011 s -- in com.localci.trigger.TriggerTest
[INFO] Running com.localci.validator.PipelineValidatorTest
[INFO] Tests run: 15, Failures: 0, Errors: 0, Skipped: 0, Time elapsed: 0.030 s -- in com.localci.validator.PipelineValidatorTest
[INFO] 
[INFO] Results:
[INFO] 
[INFO] Tests run: 58, Failures: 0, Errors: 0, Skipped: 0
[INFO] 
[INFO] ------------------------------------------------------------------------
[INFO] BUILD SUCCESS
[INFO] ------------------------------------------------------------------------
[INFO] Total time:  2.721 s
[INFO] Finished at: 2026-03-04T13:21:10+05:30
[INFO] ------------------------------------------------------------------------
